// Jest Snapshot v1, https://goo.gl/fbAQLP

exports[`render ChatDialog component snapshot test 1`] = `
<DocumentFragment>
  <div
    data-originalcomponent="Dialog"
    test-prop-open="true"
  >
    <div
      data-originalcomponent="DialogTitle"
    >
      Add chat
    </div>
    <div
      data-originalcomponent="DialogContent"
    >
      <div
        data-originalcomponent="ValidatorForm"
        test-prop-id="\\"validatorForm\\""
      >
        <div
          data-originalcomponent="AvatarSelector"
          test-prop-avatarfileinput="{\\"current\\":null}"
        />
        <div
          data-originalcomponent="TextValidator"
          test-prop-color="\\"primary\\""
          test-prop-errormessages="[\\"this field is required\\"]"
          test-prop-fullwidth="true"
          test-prop-id="\\"title\\""
          test-prop-label="\\"Title *\\""
          test-prop-margin="\\"normal\\""
          test-prop-name="\\"title\\""
          test-prop-validators="[\\"required\\"]"
          test-prop-value="\\"\\""
        />
        <div
          data-originalcomponent="TextValidator"
          test-prop-color="\\"primary\\""
          test-prop-fullwidth="true"
          test-prop-id="\\"searchText\\""
          test-prop-label="\\"Search\\""
          test-prop-margin="\\"normal\\""
          test-prop-name="\\"searchText\\""
          test-prop-value="\\"\\""
        />
        <div
          data-originalcomponent="List"
        >
          <div
            data-originalcomponent="ListItem"
            test-prop-button="true"
            test-prop-selected="false"
          >
            <div
              class="MuiListItemAvatar-root"
            >
              <div
                data-originalcomponent="UsersAvatar"
                test-prop-author="\\"name\\""
                test-prop-avatar="\\"avatar\\""
              />
            </div>
            <div
              data-originalcomponent="ListItemText"
              test-prop-primary="\\"name (email)\\""
            />
          </div>
        </div>
      </div>
    </div>
    <div
      data-originalcomponent="DialogActions"
    >
      <div
        data-originalcomponent="Button"
        test-prop-color="\\"primary\\""
        test-prop-form="\\"validatorForm\\""
        test-prop-type="\\"submit\\""
      >
        Add
      </div>
      <div
        data-originalcomponent="Button"
        test-prop-color="\\"primary\\""
      >
        Close
      </div>
    </div>
  </div>
</DocumentFragment>
`;
