// Jest Snapshot v1, https://goo.gl/fbAQLP

exports[`render MessageText component snapshot test 1`] = `
<DocumentFragment>
  <div
    data-originalcomponent="ListItem"
    test-prop-classname="\\"MessageText-ListItem-3\\""
  >
    <div
      class="MessageText-textContent-4"
    >
      <div
        data-originalcomponent="ListItemText"
        test-prop-classname="\\"MessageText-ListItemText-1\\""
        test-prop-primary="<div data-originalcomponent=\\"Typography\\" test-prop-component=\\"&quot;span&quot;\\" test-prop-classname=\\"&quot;MessageText-ListItemText__text-5&quot;\\" data-reactroot=\\"\\"></div>"
      />
    </div>
  </div>
</DocumentFragment>
`;
