// Jest Snapshot v1, https://goo.gl/fbAQLP

exports[`render UserPasswordField component snapshot test 1`] = `
<DocumentFragment>
  <div
    data-originalcomponent="TextValidator"
    test-prop-autocomplete="\\"name\\""
    test-prop-color="\\"primary\\""
    test-prop-errormessages="[\\"this field is required\\"]"
    test-prop-fullwidth="true"
    test-prop-id="\\"name\\""
    test-prop-label="\\"Name *\\""
    test-prop-margin="\\"normal\\""
    test-prop-name="\\"name\\""
    test-prop-validators="[\\"required\\"]"
    test-prop-value="\\"TEST\\""
  />
</DocumentFragment>
`;
