// Jest Snapshot v1, https://goo.gl/fbAQLP

exports[`render AvatarSelector component snapshot test 1`] = `
<DocumentFragment>
  <div
    class="AvatarSelector-avatarSelector-8"
  >
    <div
      class="AvatarSelector-avatar-7"
    >
      <div
        data-originalcomponent="UsersAvatar"
        test-prop-size="60"
      />
    </div>
    <div
      class="AvatarSelector-avatarSelector__labalButtons-9"
    >
      <div
        data-originalcomponent="InputLabel"
      >
        <span>
          Avatar
        </span>
        <input
          accept="image/*"
          style="display: none;"
          type="file"
        />
        <div
          class="AvatarSelector-avatarSelector__buttons-11"
        >
          <div
            data-originalcomponent="Button"
            test-prop-classname="\\"AvatarSelector-button-12\\""
            test-prop-component="\\"span\\""
            test-prop-size="\\"small\\""
            test-prop-variant="\\"outlined\\""
          >
            <div
              data-originalcomponent="CloudUploadIcon"
              test-prop-classname="\\"AvatarSelector-leftIcon-10\\""
            />
            Upload
          </div>
          <div
            data-originalcomponent="Button"
            test-prop-classname="\\"AvatarSelector-button-12\\""
            test-prop-component="\\"span\\""
            test-prop-size="\\"small\\""
            test-prop-variant="\\"outlined\\""
          >
            <div
              data-originalcomponent="ClearIcon"
              test-prop-classname="\\"AvatarSelector-leftIcon-10\\""
            />
            Remove
          </div>
        </div>
      </div>
    </div>
  </div>
</DocumentFragment>
`;
