// Jest Snapshot v1, https://goo.gl/fbAQLP

exports[`render UserEmailField component snapshot test 1`] = `
<DocumentFragment>
  <div
    data-originalcomponent="TextValidator"
    test-prop-autocomplete="\\"email\\""
    test-prop-color="\\"primary\\""
    test-prop-errormessages="[\\"this field is required\\",\\"email is not valid\\"]"
    test-prop-fullwidth="true"
    test-prop-id="\\"email\\""
    test-prop-label="\\"Email Address *\\""
    test-prop-margin="\\"normal\\""
    test-prop-name="\\"email\\""
    test-prop-validators="[\\"required\\",\\"isEmail\\"]"
    test-prop-value="\\"TEST\\""
  />
</DocumentFragment>
`;
