// Jest Snapshot v1, https://goo.gl/fbAQLP

exports[`render UsersAvatar component snapshot test 1`] = `
<DocumentFragment>
  <div
    data-originalcomponent="Avatar"
    test-prop-style="{\\"width\\":60,\\"height\\":60}"
    test-prop-variant="\\"rounded\\""
  >
    <div
      data-originalcomponent="AccountIcon"
      test-prop-style="{\\"fontSize\\":40}"
    />
  </div>
</DocumentFragment>
`;
