// Jest Snapshot v1, https://goo.gl/fbAQLP

exports[`render SignIn component snapshot test 1`] = `
<DocumentFragment>
  <main
    class="SignIn-main-1"
  >
    <div
      data-originalcomponent="CssBaseline"
    />
    <div
      data-originalcomponent="Paper"
      test-prop-classname="\\"SignIn-paper-3\\""
    >
      <div
        data-originalcomponent="AppBar"
        test-prop-position="\\"static\\""
      >
        <div
          data-originalcomponent="Tabs"
          test-prop-classes="{\\"indicator\\":\\"SignIn-tabsIndicator-7\\"}"
          test-prop-value="\\"SIGN_IN\\""
          test-prop-variant="\\"fullWidth\\""
        >
          <div
            data-originalcomponent="Tab"
            test-prop-label="\\"Sign in\\""
            test-prop-value="\\"SIGN_IN\\""
          />
          <div
            data-originalcomponent="Tab"
            test-prop-label="\\"Register\\""
            test-prop-value="\\"REGISTER\\""
          />
        </div>
      </div>
      <div
        class="SignIn-container-2"
      >
        <div
          data-originalcomponent="Avatar"
          test-prop-classname="\\"SignIn-icon-4\\""
        >
          <div
            data-originalcomponent="LockOutlined"
          />
        </div>
        <div
          data-originalcomponent="Typography"
          test-prop-component="\\"h1\\""
          test-prop-variant="\\"h5\\""
        >
          Sign in
        </div>
        <form
          class="SignIn-form-5"
        >
          <div
            data-originalcomponent="UserEmailField"
            test-prop-value="\\"\\""
          />
          <div
            data-originalcomponent="UserPasswordField"
            test-prop-value="\\"\\""
          />
          <div
            data-originalcomponent="FormControlLabel"
            test-prop-control="<div data-originalcomponent=\\"Checkbox\\" test-prop-value=\\"&quot;remember&quot;\\" test-prop-name=\\"&quot;remember&quot;\\" test-prop-checked=\\"false\\" test-prop-color=\\"&quot;primary&quot;\\" data-reactroot=\\"\\"></div>"
            test-prop-label="\\"Remember me\\""
          />
          <div
            data-originalcomponent="Button"
            test-prop-classname="\\"SignIn-submit-6\\""
            test-prop-color="\\"primary\\""
            test-prop-fullwidth="true"
            test-prop-type="\\"submit\\""
            test-prop-variant="\\"contained\\""
          >
            Sign in
          </div>
        </form>
      </div>
    </div>
  </main>
</DocumentFragment>
`;
