// Jest Snapshot v1, https://goo.gl/fbAQLP

exports[`render app when not logged snapshot test 1`] = `
<DocumentFragment>
  <div
    data-originalcomponent="Box"
    test-prop-display="\\"flex\\""
    test-prop-height="\\"100vh\\""
  >
    <div
      data-originalcomponent="CssBaseline"
    />
    <div
      data-originalcomponent="SignIn"
    />
  </div>
</DocumentFragment>
`;
