// Jest Snapshot v1, https://goo.gl/fbAQLP

exports[`snapshot-test AvatarSelector component Renders correct properties 1`] = `
<WithStyles(AvatarSelector)
  avatarFileInput={
    Object {
      "current": <input
        accept="image/*"
        style="display: none;"
        type="file"
      />,
    }
  }
>
  <AvatarSelector
    avatarFileInput={
      Object {
        "current": <input
          accept="image/*"
          style="display: none;"
          type="file"
        />,
      }
    }
    classes={
      Object {
        "avatar": "AvatarSelector-avatar-1",
        "avatarSelector": "AvatarSelector-avatarSelector-2",
        "avatarSelector__buttons": "AvatarSelector-avatarSelector__buttons-5",
        "avatarSelector__labalButtons": "AvatarSelector-avatarSelector__labalButtons-3",
        "button": "AvatarSelector-button-6",
        "leftIcon": "AvatarSelector-leftIcon-4",
      }
    }
    onChange={[Function]}
  >
    <div
      className="AvatarSelector-avatarSelector-2"
    >
      <div
        className="AvatarSelector-avatar-1"
      >
        <Component
          size={60}
        >
          <div
            originalcomponent="UsersAvatar"
            testprops={
              Object {
                "avatar": undefined,
                "size": 60,
              }
            }
          />
        </Component>
      </div>
      <div
        className="AvatarSelector-avatarSelector__labalButtons-3"
      >
        <Component>
          <div
            originalcomponent="InputLabel"
            testprops={
              Object {
                "children": Array [
                  <span>
                    Avatar
                  </span>,
                  <input
                    accept="image/*"
                    onChange={[Function]}
                    style={
                      Object {
                        "display": "none",
                      }
                    }
                    type="file"
                  />,
                  <div
                    className="AvatarSelector-avatarSelector__buttons-5"
                  >
                    <Unknown
                      className="AvatarSelector-button-6"
                      component="span"
                      size="small"
                      variant="outlined"
                    >
                      <Unknown
                        className="AvatarSelector-leftIcon-4"
                      />
                      Upload
                    </Unknown>
                    <Unknown
                      className="AvatarSelector-button-6"
                      component="span"
                      onClick={[Function]}
                      size="small"
                      variant="outlined"
                    >
                      <Unknown
                        className="AvatarSelector-leftIcon-4"
                      />
                      Remove
                    </Unknown>
                  </div>,
                ],
              }
            }
          >
            <span>
              Avatar
            </span>
            <input
              accept="image/*"
              onChange={[Function]}
              style={
                Object {
                  "display": "none",
                }
              }
              type="file"
            />
            <div
              className="AvatarSelector-avatarSelector__buttons-5"
            >
              <Component
                className="AvatarSelector-button-6"
                component="span"
                size="small"
                variant="outlined"
              >
                <div
                  originalcomponent="Button"
                  testprops={
                    Object {
                      "children": Array [
                        <Unknown
                          className="AvatarSelector-leftIcon-4"
                        />,
                        "Upload",
                      ],
                      "className": "AvatarSelector-button-6",
                      "component": "span",
                      "size": "small",
                      "variant": "outlined",
                    }
                  }
                >
                  <Component
                    className="AvatarSelector-leftIcon-4"
                  >
                    <div
                      originalcomponent="CloudUploadIcon"
                      testprops={
                        Object {
                          "className": "AvatarSelector-leftIcon-4",
                        }
                      }
                    />
                  </Component>
                  Upload
                </div>
              </Component>
              <Component
                className="AvatarSelector-button-6"
                component="span"
                onClick={[Function]}
                size="small"
                variant="outlined"
              >
                <div
                  originalcomponent="Button"
                  testprops={
                    Object {
                      "children": Array [
                        <Unknown
                          className="AvatarSelector-leftIcon-4"
                        />,
                        "Remove",
                      ],
                      "className": "AvatarSelector-button-6",
                      "component": "span",
                      "onClick": [Function],
                      "size": "small",
                      "variant": "outlined",
                    }
                  }
                >
                  <Component
                    className="AvatarSelector-leftIcon-4"
                  >
                    <div
                      originalcomponent="ClearIcon"
                      testprops={
                        Object {
                          "className": "AvatarSelector-leftIcon-4",
                        }
                      }
                    />
                  </Component>
                  Remove
                </div>
              </Component>
            </div>
          </div>
        </Component>
      </div>
    </div>
  </AvatarSelector>
</WithStyles(AvatarSelector)>
`;
