// Jest Snapshot v1, https://goo.gl/fbAQLP

exports[`snapshot-test Chat component Renders correct properties 1`] = `
<WithStyles(Chat)
  chat={
    Object {
      "_id": "_id",
      "avatar": "avatar",
      "title": "title",
    }
  }
  chatModifyOnClick={[MockFunction]}
  chatOnClick={[MockFunction]}
  selected={false}
>
  <Chat
    chat={
      Object {
        "_id": "_id",
        "avatar": "avatar",
        "title": "title",
      }
    }
    chatModifyOnClick={[MockFunction]}
    chatOnClick={[MockFunction]}
    classes={
      Object {
        "listItem": "Chat-listItem-1",
        "modifyButton": "Chat-modifyButton-2",
      }
    }
    selected={false}
  >
    <Component
      button={true}
      className="Chat-listItem-1"
      onClick={[Function]}
      selected={false}
    >
      <div
        originalcomponent="ListItem"
        testprops={
          Object {
            "button": true,
            "children": Array [
              <Unknown
                author="title"
                avatar="avatar"
              />,
              <Unknown
                primary="title"
              />,
              <Unknown
                classes={
                  Object {
                    "root": "Chat-modifyButton-2",
                  }
                }
                onClick={[Function]}
              >
                <Unknown />
              </Unknown>,
            ],
            "className": "Chat-listItem-1",
            "onClick": [Function],
            "selected": false,
          }
        }
      >
        <Component
          author="title"
          avatar="avatar"
        >
          <div
            originalcomponent="UsersAvatar"
            testprops={
              Object {
                "author": "title",
                "avatar": "avatar",
              }
            }
          />
        </Component>
        <Component
          primary="title"
        >
          <div
            originalcomponent="ListItemText"
            testprops={
              Object {
                "primary": "title",
              }
            }
          />
        </Component>
        <Component
          classes={
            Object {
              "root": "Chat-modifyButton-2",
            }
          }
          onClick={[Function]}
        >
          <div
            originalcomponent="IconButton"
            testprops={
              Object {
                "children": <Unknown />,
                "classes": Object {
                  "root": "Chat-modifyButton-2",
                },
                "onClick": [Function],
              }
            }
          >
            <Component>
              <div
                originalcomponent="Create"
                testprops={Object {}}
              />
            </Component>
          </div>
        </Component>
      </div>
    </Component>
  </Chat>
</WithStyles(Chat)>
`;
