// Jest Snapshot v1, https://goo.gl/fbAQLP

exports[`snapshot-test MessageUser component Renders correct properties 1`] = `
<WithStyles(MessageUser)
  author=""
  avatar=""
  isCurrentUserMessage={false}
>
  <MessageUser
    author=""
    avatar=""
    classes={
      Object {
        "ListItem": "MessageUser-ListItem-4",
        "ListItemText": "MessageUser-ListItemText-1",
        "ListItemText__author": "MessageUser-ListItemText__author-6",
        "ListItemText_reverse": "MessageUser-ListItemText_reverse-2",
        "reverse": "MessageUser-reverse-3",
        "sticky": "MessageUser-sticky-7",
        "textContent": "MessageUser-textContent-5",
      }
    }
    isCurrentUserMessage={false}
  >
    <Component
      className="MessageUser-ListItem-4"
    >
      <div
        originalcomponent="ListItem"
        testprops={
          Object {
            "children": Array [
              <div
                className="MessageUser-sticky-7"
              >
                <Unknown
                  author=""
                  avatar=""
                />
              </div>,
              <div
                className="MessageUser-textContent-5"
              >
                <Unknown
                  className="MessageUser-ListItemText-1 MessageUser-sticky-7"
                  primary={
                    <Unknown
                      className="MessageUser-ListItemText__author-6"
                      component="span"
                    >
                      
                    </Unknown>
                  }
                />
                <React.Fragment />
              </div>,
            ],
            "className": "MessageUser-ListItem-4",
          }
        }
      >
        <div
          className="MessageUser-sticky-7"
        >
          <Component
            author=""
            avatar=""
          >
            <div
              originalcomponent="UsersAvatar"
              testprops={
                Object {
                  "author": "",
                  "avatar": "",
                }
              }
            />
          </Component>
        </div>
        <div
          className="MessageUser-textContent-5"
        >
          <Component
            className="MessageUser-ListItemText-1 MessageUser-sticky-7"
            primary={
              <Unknown
                className="MessageUser-ListItemText__author-6"
                component="span"
              >
                
              </Unknown>
            }
          >
            <div
              originalcomponent="ListItemText"
              testprops={
                Object {
                  "className": "MessageUser-ListItemText-1 MessageUser-sticky-7",
                  "primary": <Unknown
                    className="MessageUser-ListItemText__author-6"
                    component="span"
                  >
                    
                  </Unknown>,
                }
              }
            />
          </Component>
        </div>
      </div>
    </Component>
  </MessageUser>
</WithStyles(MessageUser)>
`;
