// Jest Snapshot v1, https://goo.gl/fbAQLP

exports[`snapshot-test MessageText component Renders correct properties 1`] = `
<WithStyles(MessageText)
  isCurrentUserMessage={false}
>
  <MessageText
    classes={
      Object {
        "ListItem": "MessageText-ListItem-3",
        "ListItemText": "MessageText-ListItemText-1",
        "ListItemText__text": "MessageText-ListItemText__text-5",
        "ListItem_reverse": "MessageText-ListItem_reverse-2",
        "textContent": "MessageText-textContent-4",
      }
    }
    isCurrentUserMessage={false}
    text=""
  >
    <Component
      className="MessageText-ListItem-3"
    >
      <div
        originalcomponent="ListItem"
        testprops={
          Object {
            "children": <div
              className="MessageText-textContent-4"
            >
              <Unknown
                className="MessageText-ListItemText-1"
                primary={
                  <Unknown
                    className="MessageText-ListItemText__text-5"
                    component="span"
                  >
                    
                  </Unknown>
                }
              />
            </div>,
            "className": "MessageText-ListItem-3",
          }
        }
      >
        <div
          className="MessageText-textContent-4"
        >
          <Component
            className="MessageText-ListItemText-1"
            primary={
              <Unknown
                className="MessageText-ListItemText__text-5"
                component="span"
              >
                
              </Unknown>
            }
          >
            <div
              originalcomponent="ListItemText"
              testprops={
                Object {
                  "className": "MessageText-ListItemText-1",
                  "primary": <Unknown
                    className="MessageText-ListItemText__text-5"
                    component="span"
                  >
                    
                  </Unknown>,
                }
              }
            />
          </Component>
        </div>
      </div>
    </Component>
  </MessageText>
</WithStyles(MessageText)>
`;
