// Jest Snapshot v1, https://goo.gl/fbAQLP

exports[`snapshot-test MessageDateTime component Renders correct properties 1`] = `
<WithStyles(MessageDateTime)
  dateTime={"2001-01-01T00:00:00.000Z"}
  isCurrentUserMessage={false}
>
  <MessageDateTime
    classes={
      Object {
        "ListItem": "MessageDateTime-ListItem-3",
        "ListItemText": "MessageDateTime-ListItemText-1",
        "ListItemText__dateTime": "MessageDateTime-ListItemText__dateTime-5",
        "reverse": "MessageDateTime-reverse-2",
        "sticky": "MessageDateTime-sticky-6",
        "textContent": "MessageDateTime-textContent-4",
      }
    }
    dateTime={"2001-01-01T00:00:00.000Z"}
    isCurrentUserMessage={false}
  >
    <Component
      className="MessageDateTime-ListItem-3"
    >
      <div
        originalcomponent="ListItem"
        testprops={
          Object {
            "children": <div
              className="MessageDateTime-textContent-4"
            >
              <Unknown
                className="MessageDateTime-ListItemText-1 MessageDateTime-reverse-2 MessageDateTime-sticky-6"
                secondary={
                  <Unknown
                    className="MessageDateTime-ListItemText__dateTime-5"
                    color="textSecondary"
                    component="span"
                  >
                    Monday, January 1, 2001 12:00 AM
                  </Unknown>
                }
              />
              <React.Fragment />
            </div>,
            "className": "MessageDateTime-ListItem-3",
          }
        }
      >
        <div
          className="MessageDateTime-textContent-4"
        >
          <Component
            className="MessageDateTime-ListItemText-1 MessageDateTime-reverse-2 MessageDateTime-sticky-6"
            secondary={
              <Unknown
                className="MessageDateTime-ListItemText__dateTime-5"
                color="textSecondary"
                component="span"
              >
                Monday, January 1, 2001 12:00 AM
              </Unknown>
            }
          >
            <div
              originalcomponent="ListItemText"
              testprops={
                Object {
                  "className": "MessageDateTime-ListItemText-1 MessageDateTime-reverse-2 MessageDateTime-sticky-6",
                  "secondary": <Unknown
                    className="MessageDateTime-ListItemText__dateTime-5"
                    color="textSecondary"
                    component="span"
                  >
                    Monday, January 1, 2001 12:00 AM
                  </Unknown>,
                }
              }
            />
          </Component>
        </div>
      </div>
    </Component>
  </MessageDateTime>
</WithStyles(MessageDateTime)>
`;
