// Jest Snapshot v1, https://goo.gl/fbAQLP

exports[`snapshot-test SideBar component Renders correct properties 1`] = `
<WithStyles(SideBar)
  changeActiveChat={[MockFunction]}
  drawerIsOpen={false}
  getChats={[MockFunction]}
  onDrawerClose={[MockFunction]}
  onRegister={[MockFunction]}
  onSignIn={[MockFunction]}
  openAddChatDialog={[MockFunction]}
  openModifyChatDialog={[MockFunction]}
>
  <SideBar
    activeChat={null}
    changeActiveChat={[MockFunction]}
    chats={Array []}
    classes={
      Object {
        "addChatIcon": "SideBar-addChatIcon-4",
        "drawerPaper": "SideBar-drawerPaper-1",
        "drawerPaperClose": "SideBar-drawerPaperClose-2",
        "toolbarIcon": "SideBar-toolbarIcon-3",
      }
    }
    drawerIsOpen={false}
    getChats={[MockFunction]}
    onDrawerClose={[MockFunction]}
    onRegister={[MockFunction]}
    onSignIn={[MockFunction]}
    openAddChatDialog={[MockFunction]}
    openModifyChatDialog={[MockFunction]}
  >
    <Component
      classes={
        Object {
          "paper": "SideBar-drawerPaper-1 SideBar-drawerPaperClose-2",
        }
      }
      open={false}
      variant="permanent"
    >
      <div
        originalcomponent="Drawer"
        testprops={
          Object {
            "children": Array [
              <div
                className="SideBar-toolbarIcon-3"
              >
                <Unknown
                  onClick={[MockFunction]}
                >
                  <Unknown />
                </Unknown>
              </div>,
              <Unknown />,
              <Unknown>
                <Unknown
                  button={true}
                  onClick={[MockFunction]}
                >
                  <Unknown
                    className="SideBar-addChatIcon-4"
                    color="primary"
                  />
                  <Unknown
                    primary="Add chat"
                  />
                </Unknown>
              </Unknown>,
            ],
            "classes": Object {
              "paper": "SideBar-drawerPaper-1 SideBar-drawerPaperClose-2",
            },
            "open": false,
            "variant": "permanent",
          }
        }
      >
        <div
          className="SideBar-toolbarIcon-3"
        >
          <Component
            onClick={[MockFunction]}
          >
            <div
              originalcomponent="IconButton"
              testprops={
                Object {
                  "children": <Unknown />,
                  "onClick": [MockFunction],
                }
              }
            >
              <Component>
                <div
                  originalcomponent="ChevronLeft"
                  testprops={Object {}}
                />
              </Component>
            </div>
          </Component>
        </div>
        <Component>
          <div
            originalcomponent="Divider"
            testprops={Object {}}
          />
        </Component>
        <Component>
          <div
            originalcomponent="List"
            testprops={
              Object {
                "children": Array [
                  <Unknown
                    button={true}
                    onClick={[MockFunction]}
                  >
                    <Unknown
                      className="SideBar-addChatIcon-4"
                      color="primary"
                    />
                    <Unknown
                      primary="Add chat"
                    />
                  </Unknown>,
                  Array [],
                ],
              }
            }
          >
            <Component
              button={true}
              key="add_chat"
              onClick={[MockFunction]}
            >
              <div
                originalcomponent="ListItem"
                testprops={
                  Object {
                    "button": true,
                    "children": Array [
                      <Unknown
                        className="SideBar-addChatIcon-4"
                        color="primary"
                      />,
                      <Unknown
                        primary="Add chat"
                      />,
                    ],
                    "onClick": [MockFunction],
                  }
                }
              >
                <Component
                  className="SideBar-addChatIcon-4"
                  color="primary"
                >
                  <div
                    originalcomponent="AddBox"
                    testprops={
                      Object {
                        "className": "SideBar-addChatIcon-4",
                        "color": "primary",
                      }
                    }
                  />
                </Component>
                <Component
                  primary="Add chat"
                >
                  <div
                    originalcomponent="ListItemText"
                    testprops={
                      Object {
                        "primary": "Add chat",
                      }
                    }
                  />
                </Component>
              </div>
            </Component>
          </div>
        </Component>
      </div>
    </Component>
  </SideBar>
</WithStyles(SideBar)>
`;
