// Jest Snapshot v1, https://goo.gl/fbAQLP

exports[`snapshot-test UserNameField component Renders correct properties 1`] = `
<WithStyles(UserNameField)
  onChange={[MockFunction]}
  value="TEST"
>
  <UserNameField
    classes={Object {}}
    onChange={[MockFunction]}
    value="TEST"
  >
    <Component
      autoComplete="name"
      color="primary"
      errorMessages={
        Array [
          "this field is required",
        ]
      }
      fullWidth={true}
      id="name"
      label="Name *"
      margin="normal"
      name="name"
      onChange={[MockFunction]}
      validators={
        Array [
          "required",
        ]
      }
      value="TEST"
    >
      <div
        originalcomponent="TextValidator"
        testprops={
          Object {
            "autoComplete": "name",
            "color": "primary",
            "errorMessages": Array [
              "this field is required",
            ],
            "fullWidth": true,
            "id": "name",
            "label": "Name *",
            "margin": "normal",
            "name": "name",
            "onChange": [MockFunction],
            "validators": Array [
              "required",
            ],
            "value": "TEST",
          }
        }
      />
    </Component>
  </UserNameField>
</WithStyles(UserNameField)>
`;
