// Jest Snapshot v1, https://goo.gl/fbAQLP

exports[`snapshot-test UserPasswordField component Renders correct properties 1`] = `
<WithStyles(UserPasswordField)
  onChange={[MockFunction]}
  value="TEST"
>
  <UserPasswordField
    classes={Object {}}
    onChange={[MockFunction]}
    value="TEST"
  >
    <Component
      InputProps={
        Object {
          "endAdornment": <Unknown
            position="end"
          >
            <Unknown
              aria-label="Toggle password visibility"
              onBlur={[Function]}
              onKeyDown={[Function]}
              onKeyUp={[Function]}
              onMouseDown={[Function]}
              onMouseOut={[Function]}
              onMouseUp={[Function]}
            >
              <Unknown />
            </Unknown>
          </Unknown>,
        }
      }
      autoComplete="current-password"
      color="primary"
      errorMessages={
        Array [
          "this field is required",
          "minimum length 6 symbols",
        ]
      }
      fullWidth={true}
      id="password"
      label="Password *"
      margin="normal"
      name="password"
      onChange={[MockFunction]}
      type="password"
      validators={
        Array [
          "required",
          "minStringLength:6",
        ]
      }
      value="TEST"
    >
      <div
        originalcomponent="TextValidator"
        testprops={
          Object {
            "InputProps": Object {
              "endAdornment": <Unknown
                position="end"
              >
                <Unknown
                  aria-label="Toggle password visibility"
                  onBlur={[Function]}
                  onKeyDown={[Function]}
                  onKeyUp={[Function]}
                  onMouseDown={[Function]}
                  onMouseOut={[Function]}
                  onMouseUp={[Function]}
                >
                  <Unknown />
                </Unknown>
              </Unknown>,
            },
            "autoComplete": "current-password",
            "color": "primary",
            "errorMessages": Array [
              "this field is required",
              "minimum length 6 symbols",
            ],
            "fullWidth": true,
            "id": "password",
            "label": "Password *",
            "margin": "normal",
            "name": "password",
            "onChange": [MockFunction],
            "type": "password",
            "validators": Array [
              "required",
              "minStringLength:6",
            ],
            "value": "TEST",
          }
        }
      />
    </Component>
  </UserPasswordField>
</WithStyles(UserPasswordField)>
`;
