// Jest Snapshot v1, https://goo.gl/fbAQLP

exports[`snapshot-test UsersAvatar component Renders correct properties 1`] = `
<WithStyles(UsersAvatar)
  size={60}
>
  <UsersAvatar
    classes={
      Object {
        "ListItemAvatar": "UsersAvatar-ListItemAvatar-1",
      }
    }
    size={60}
  >
    <Component
      className="UsersAvatar-ListItemAvatar-1"
      style={
        Object {
          "height": 60,
          "width": 60,
        }
      }
    >
      <div
        originalcomponent="ListItemAvatar"
        testprops={
          Object {
            "children": <Unknown>
              <Unknown
                style={
                  Object {
                    "fontSize": 40,
                  }
                }
              />
            </Unknown>,
            "className": "UsersAvatar-ListItemAvatar-1",
            "style": Object {
              "height": 60,
              "width": 60,
            },
          }
        }
      >
        <Component>
          <div
            originalcomponent="Avatar"
            testprops={
              Object {
                "alt": undefined,
                "children": <Unknown
                  style={
                    Object {
                      "fontSize": 40,
                    }
                  }
                />,
                "src": undefined,
              }
            }
          >
            <Component
              style={
                Object {
                  "fontSize": 40,
                }
              }
            >
              <div
                originalcomponent="AccountIcon"
                testprops={
                  Object {
                    "style": Object {
                      "fontSize": 40,
                    },
                  }
                }
              />
            </Component>
          </div>
        </Component>
      </div>
    </Component>
  </UsersAvatar>
</WithStyles(UsersAvatar)>
`;
