// Jest Snapshot v1, https://goo.gl/fbAQLP

exports[`snapshot-test UserEmailField component Renders correct properties 1`] = `
<WithStyles(UserEmailField)
  onChange={[MockFunction]}
  value="TEST"
>
  <UserEmailField
    classes={Object {}}
    onChange={[MockFunction]}
    value="TEST"
  >
    <Component
      autoComplete="email"
      color="primary"
      errorMessages={
        Array [
          "this field is required",
          "email is not valid",
        ]
      }
      fullWidth={true}
      id="email"
      label="Email Address *"
      margin="normal"
      name="email"
      onChange={[MockFunction]}
      validators={
        Array [
          "required",
          "isEmail",
        ]
      }
      value="TEST"
    >
      <div
        originalcomponent="TextValidator"
        testprops={
          Object {
            "autoComplete": "email",
            "color": "primary",
            "errorMessages": Array [
              "this field is required",
              "email is not valid",
            ],
            "fullWidth": true,
            "id": "email",
            "label": "Email Address *",
            "margin": "normal",
            "name": "email",
            "onChange": [MockFunction],
            "validators": Array [
              "required",
              "isEmail",
            ],
            "value": "TEST",
          }
        }
      />
    </Component>
  </UserEmailField>
</WithStyles(UserEmailField)>
`;
