// Jest Snapshot v1, https://goo.gl/fbAQLP

exports[`render SideBar component snapshot test 1`] = `
<DocumentFragment>
  <div
    data-originalcomponent="Drawer"
    test-prop-classes="{\\"paper\\":\\"SideBar-drawerPaper-1 SideBar-drawerPaperClose-2\\"}"
    test-prop-open="false"
    test-prop-variant="\\"permanent\\""
  >
    <div
      class="SideBar-toolbarIcon-3"
    >
      <div
        data-originalcomponent="IconButton"
      >
        <div
          data-originalcomponent="ChevronLeft"
        />
      </div>
    </div>
    <div
      data-originalcomponent="Divider"
    />
    <div
      data-originalcomponent="List"
    >
      <div
        data-originalcomponent="ListItem"
        test-prop-button="true"
      >
        <div
          data-originalcomponent="AddBox"
          test-prop-classname="\\"SideBar-addChatIcon-4\\""
          test-prop-color="\\"primary\\""
        />
        <div
          data-originalcomponent="ListItemText"
          test-prop-primary="\\"Add chat\\""
        />
      </div>
    </div>
  </div>
</DocumentFragment>
`;
