// Jest Snapshot v1, https://goo.gl/fbAQLP

exports[`render TopBar component snapshot test 1`] = `
<DocumentFragment>
  <div
    data-originalcomponent="AppBar"
    test-prop-classname="\\"makeStyles-appBar-1\\""
    test-prop-position="\\"fixed\\""
  >
    <div
      data-originalcomponent="Toolbar"
    >
      <div
        data-originalcomponent="Box"
        test-prop-hidden="false"
        test-prop-mr="2"
      >
        <div
          data-originalcomponent="IconButton"
          test-prop-aria-label="\\"Open drawer\\""
          test-prop-color="\\"inherit\\""
          test-prop-edge="\\"start\\""
        >
          <div
            data-originalcomponent="Menu"
          />
        </div>
      </div>
      <div
        data-originalcomponent="Box"
        test-prop-flexgrow="\\"1\\""
      >
        <div
          data-originalcomponent="Typography"
          test-prop-color="\\"inherit\\""
          test-prop-variant="\\"h6\\""
        >
          name
          <div
            data-originalcomponent="IconButton"
            test-prop-color="\\"inherit\\""
          >
            <div
              data-originalcomponent="Create"
            />
          </div>
        </div>
      </div>
      <div
        data-originalcomponent="Button"
        test-prop-color="\\"inherit\\""
      >
        logout
      </div>
    </div>
  </div>
</DocumentFragment>
`;
