// Jest Snapshot v1, https://goo.gl/fbAQLP

exports[`render MessageDateTime component snapshot test 1`] = `
<DocumentFragment>
  <div
    data-originalcomponent="ListItem"
    test-prop-classname="\\"MessageDateTime-ListItem-3\\""
  >
    <div
      class="MessageDateTime-textContent-4"
    >
      <div
        data-originalcomponent="ListItemText"
        test-prop-classname="\\"MessageDateTime-ListItemText-1 MessageDateTime-reverse-2 MessageDateTime-sticky-6\\""
        test-prop-secondary="<div data-originalcomponent=\\"Typography\\" test-prop-component=\\"&quot;span&quot;\\" test-prop-color=\\"&quot;textSecondary&quot;\\" test-prop-classname=\\"&quot;MessageDateTime-ListItemText__dateTime-5&quot;\\" data-reactroot=\\"\\">Monday, January 1, 2001 12:00 AM</div>"
      />
    </div>
  </div>
</DocumentFragment>
`;
