// Jest Snapshot v1, https://goo.gl/fbAQLP

exports[`render MessageInput component snapshot test 1`] = `
<DocumentFragment>
  <div
    data-originalcomponent="TextField"
    test-prop-fullwidth="true"
    test-prop-label="\\"Write a message\\""
    test-prop-margin="\\"normal\\""
    test-prop-multiline="true"
    test-prop-rows="\\"2\\""
    test-prop-rowsmax="\\"5\\""
    test-prop-value="\\"\\""
    test-prop-variant="\\"outlined\\""
  />
</DocumentFragment>
`;
